# 3.2 Git 分支 - 分支的新建与合并

## 分支的新建与合并

让我们来看一个简单的分支新建与分支合并的例子，实际工作中你可能会用到类似的工作流。 你将经历如下步骤：

1. 开发某个网站。
2. 为实现某个新的需求，创建一个分支。
3. 在这个分支上开展工作。

正在此时，你突然接到一个电话说有个很严重的问题需要紧急修补。 你将按照如下方式来处理：

1. 切换到你的线上分支（production branch）。
2. 为这个紧急任务新建一个分支，并在其中修复它。
3. 在测试通过之后，切换回线上分支，然后合并这个修补分支，最后将改动推送到线上分支。
4. 切换回你最初工作的分支上，继续工作。

### 新建分支

首先，我们假设你正在你的项目上工作，并且已经有一些提交。

![一个简单的提交历史。](https://git-scm.com/book/en/v2/images/basic-branching-1.png)

Figure 18. 一个简单提交历史

现在，你已经决定要解决你的公司使用的问题追踪系统中的 #53 问题。 想要新建一个分支并同时切换到那个分支上，你可以运行一个带有 `-b` 参数的 `git checkout` 命令：

```console
$ git checkout -b iss53
Switched to a new branch "iss53"
```

它是下面两条命令的简写：

```console
$ git branch iss53
$ git checkout iss53
```

![创建一个新分支指针。](https://git-scm.com/book/en/v2/images/basic-branching-2.png)

Figure 19. 创建一个新分支指针

你继续在 #53 问题上工作，并且做了一些提交。 在此过程中，`iss53` 分支在不断的向前推进，因为你已经检出到该分支（也就是说，你的 `HEAD` 指针指向了 `iss53` 分支）

```console
$ vim index.html
$ git commit -a -m 'added a new footer [issue 53]'
```

![iss53 分支随着工作的进展向前推进。](https://git-scm.com/book/en/v2/images/basic-branching-3.png)

Figure 20. iss53 分支随着工作的进展向前推进

现在你接到那个电话，有个紧急问题等待你来解决。 有了 Git 的帮助，你不必把这个紧急问题和 `iss53` 的修改混在一起，你也不需要花大力气来还原关于 53# 问题的修改，然后再添加关于这个紧急问题的修改，最后将这个修改提交到线上分支。 你所要做的仅仅是切换回 `master` 分支。

但是，在你这么做之前，要留意你的工作目录和暂存区里那些还没有被提交的修改，它可能会和你即将检出的分支产生冲突从而阻止 Git 切换到该分支。 最好的方法是，在你切换分支之前，保持好一个干净的状态。 有一些方法可以绕过这个问题（即，保存进度（stashing） 和 修补提交（commit amending）），我们会在 [储藏与清理](https://git-scm.com/book/zh/v2/ch00/r_git_stashing) 中看到关于这两个命令的介绍。 现在，我们假设你已经把你的修改全部提交了，这时你可以切换回 `master` 分支了：

```console
$ git checkout master
Switched to branch 'master'
```

这个时候，你的工作目录和你在开始 #53 问题之前一模一样，现在你可以专心修复紧急问题了。 请牢记：当你切换分支的时候，Git 会重置你的工作目录，使其看起来像回到了你在那个分支上最后一次提交的样子。 Git 会自动添加、删除、修改文件以确保此时你的工作目录和这个分支最后一次提交时的样子一模一样。

接下来，你要修复这个紧急问题。 让我们建立一个针对该紧急问题的分支（hotfix branch），在该分支上工作直到问题解决：

```console
$ git checkout -b hotfix
Switched to a new branch 'hotfix'
$ vim index.html
$ git commit -a -m 'fixed the broken email address'
[hotfix 1fb7853] fixed the broken email address
 1 file changed, 2 insertions(+)
```

![基于 `master` 分支的紧急问题分支（hotfix branch）。](https://git-scm.com/book/en/v2/images/basic-branching-4.png)

Figure 21. 基于 `master` 分支的紧急问题分支 `hotfix branch`

你可以运行你的测试，确保你的修改是正确的，然后将其合并回你的 `master` 分支来部署到线上。 你可以使用 `git merge` 命令来达到上述目的：

```console
$ git checkout master
$ git merge hotfix
Updating f42c576..3a0874c
Fast-forward
 index.html | 2 ++
 1 file changed, 2 insertions(+)
```

在合并的时候，你应该注意到了"快进（fast-forward）"这个词。 由于当前 `master` 分支所指向的提交是你当前提交（有关 hotfix 的提交）的直接上游，所以 Git 只是简单的将指针向前移动。 换句话说，当你试图合并两个分支时，如果顺着一个分支走下去能够到达另一个分支，那么 Git 在合并两者的时候，只会简单的将指针向前推进（指针右移），因为这种情况下的合并操作没有需要解决的分歧——这就叫做 “快进（fast-forward）”。

现在，最新的修改已经在 `master` 分支所指向的提交快照中，你可以着手发布该修复了。

![`master` 被快进到 `hotfix`。](https://git-scm.com/book/en/v2/images/basic-branching-5.png)

Figure 22. `master` 被快进到 `hotfix`

关于这个紧急问题的解决方案发布之后，你准备回到被打断之前时的工作中。 然而，你应该先删除 `hotfix`分支，因为你已经不再需要它了 —— `master` 分支已经指向了同一个位置。 你可以使用带 `-d` 选项的 `git branch` 命令来删除分支：

```console
$ git branch -d hotfix
Deleted branch hotfix (3a0874c).
```

现在你可以切换回你正在工作的分支继续你的工作，也就是针对 #53 问题的那个分支（iss53 分支）。

```console
$ git checkout iss53
Switched to branch "iss53"
$ vim index.html
$ git commit -a -m 'finished the new footer [issue 53]'
[iss53 ad82d7a] finished the new footer [issue 53]
1 file changed, 1 insertion(+)
```

![继续在 `iss53` 分支上的工作。](https://git-scm.com/book/en/v2/images/basic-branching-6.png)

Figure 23. 继续在 `iss53` 分支上的工作

你在 `hotfix` 分支上所做的工作并没有包含到 `iss53` 分支中。 如果你需要拉取 `hotfix` 所做的修改，你可以使用 `git merge master` 命令将 `master` 分支合并入 `iss53` 分支，或者你也可以等到 `iss53` 分支完成其使命，再将其合并回 `master` 分支。

### 分支的合并

假设你已经修正了 #53 问题，并且打算将你的工作合并入 `master` 分支。 为此，你需要合并 `iss53` 分支到 `master` 分支，这和之前你合并 `hotfix` 分支所做的工作差不多。 你只需要检出到你想合并入的分支，然后运行 `git merge` 命令：

```console
$ git checkout master
Switched to branch 'master'
$ git merge iss53
Merge made by the 'recursive' strategy.
index.html |    1 +
1 file changed, 1 insertion(+)
```

这和你之前合并 `hotfix` 分支的时候看起来有一点不一样。 在这种情况下，你的开发历史从一个更早的地方开始分叉开来（diverged）。 因为，`master` 分支所在提交并不是 `iss53` 分支所在提交的直接祖先，Git 不得不做一些额外的工作。 出现这种情况的时候，Git 会使用两个分支的末端所指的快照（`C4` 和 `C5`）以及这两个分支的工作祖先（`C2`），做一个简单的三方合并。

![一次典型合并中所用到的三个快照。](https://git-scm.com/book/en/v2/images/basic-merging-1.png)

Figure 24. 一次典型合并中所用到的三个快照

和之前将分支指针向前推进所不同的是，Git 将此次三方合并的结果做了一个新的快照并且自动创建一个新的提交指向它。 这个被称作一次合并提交，它的特别之处在于他有不止一个父提交。

![一个合并提交。](https://git-scm.com/book/en/v2/images/basic-merging-2.png)

Figure 25. 一个合并提交

需要指出的是，Git 会自行决定选取哪一个提交作为最优的共同祖先，并以此作为合并的基础；这和更加古老的 CVS 系统或者 Subversion （1.5 版本之前）不同，在这些古老的版本管理系统中，用户需要自己选择最佳的合并基础。 Git 的这个优势使其在合并操作上比其他系统要简单很多。

既然你的修改已经合并进来了，你已经不再需要 `iss53` 分支了。 现在你可以在任务追踪系统中关闭此项任务，并删除这个分支。

```console
$ git branch -d iss53
```

### 遇到冲突时的分支合并

有时候合并操作不会如此顺利。 如果你在两个不同的分支中，对同一个文件的同一个部分进行了不同的修改，Git 就没法干净的合并它们。 如果你对 #53 问题的修改和有关 `hotfix` 的修改都涉及到同一个文件的同一处，在合并它们的时候就会产生合并冲突：

```console
$ git merge iss53
Auto-merging index.html
CONFLICT (content): Merge conflict in index.html
Automatic merge failed; fix conflicts and then commit the result.
```

此时 Git 做了合并，但是没有自动地创建一个新的合并提交。 Git 会暂停下来，等待你去解决合并产生的冲突。 你可以在合并冲突后的任意时刻使用 `git status` 命令来查看那些因包含合并冲突而处于未合并（unmerged）状态的文件：

```console
$ git status
On branch master
You have unmerged paths.
  (fix conflicts and run "git commit")

Unmerged paths:
  (use "git add <file>..." to mark resolution)

    both modified:      index.html

no changes added to commit (use "git add" and/or "git commit -a")
```

任何因包含合并冲突而有待解决的文件，都会以未合并状态标识出来。 Git 会在有冲突的文件中加入标准的冲突解决标记，这样你可以打开这些包含冲突的文件然后手动解决冲突。 出现冲突的文件会包含一些特殊区段，看起来像下面这个样子：

```html
<<<<<<< HEAD:index.html
<div id="footer">contact : email.support@github.com</div>
=======
<div id="footer">
 please contact us at support@github.com
</div>
>>>>>>> iss53:index.html
```

这表示 `HEAD` 所指示的版本（也就是你的 `master` 分支所在的位置，因为你在运行 merge 命令的时候已经检出到了这个分支）在这个区段的上半部分（`=======` 的上半部分），而 `iss53` 分支所指示的版本在 `=======` 的下半部分。 为了解决冲突，你必须选择使用由 `=======` 分割的两部分中的一个，或者你也可以自行合并这些内容。 例如，你可以通过把这段内容换成下面的样子来解决冲突：

```html
<div id="footer">
please contact us at email.support@github.com
</div>
```

上述的冲突解决方案仅保留了其中一个分支的修改，并且 `<<<<<<<` , `=======` , 和 `>>>>>>>` 这些行被完全删除了。 在你解决了所有文件里的冲突之后，对每个文件使用 `git add` 命令来将其标记为冲突已解决。 一旦暂存这些原本有冲突的文件，Git 就会将它们标记为冲突已解决。

如果你想使用图形化工具来解决冲突，你可以运行 `git mergetool`，该命令会为你启动一个合适的可视化合并工具，并带领你一步一步解决这些冲突：

```console
$ git mergetool

This message is displayed because 'merge.tool' is not configured.
See 'git mergetool --tool-help' or 'git help config' for more details.
'git mergetool' will now attempt to use one of the following tools:
opendiff kdiff3 tkdiff xxdiff meld tortoisemerge gvimdiff diffuse diffmerge ecmerge p4merge araxis bc3 codecompare vimdiff emerge
Merging:
index.html

Normal merge conflict for 'index.html':
  {local}: modified file
  {remote}: modified file
Hit return to start merge resolution tool (opendiff):
```

如果你想使用除默认工具（在这里 Git 使用 `opendiff` 做为默认的合并工具，因为作者在 Mac 上运行该程序）外的其他合并工具，你可以在 “下列工具中（one of the following tools）” 这句后面看到所有支持的合并工具。 然后输入你喜欢的工具名字就可以了。

| Note | 如果你需要更加高级的工具来解决复杂的合并冲突，我们会在 [高级合并](https://git-scm.com/book/zh/v2/ch00/r_advanced_merging) 介绍更多关于分支合并的内容。 |
| ---- | ------------------------------------------------------------ |
|      |                                                              |

等你退出合并工具之后，Git 会询问刚才的合并是否成功。 如果你回答是，Git 会暂存那些文件以表明冲突已解决： 你可以再次运行 `git status` 来确认所有的合并冲突都已被解决：

```console
$ git status
On branch master
All conflicts fixed but you are still merging.
  (use "git commit" to conclude merge)

Changes to be committed:

    modified:   index.html
```

如果你对结果感到满意，并且确定之前有冲突的的文件都已经暂存了，这时你可以输入 `git commit` 来完成合并提交。 默认情况下提交信息看起来像下面这个样子：

```console
Merge branch 'iss53'

Conflicts:
    index.html
#
# It looks like you may be committing a merge.
# If this is not correct, please remove the file
#	.git/MERGE_HEAD
# and try again.


# Please enter the commit message for your changes. Lines starting
# with '#' will be ignored, and an empty message aborts the commit.
# On branch master
# All conflicts fixed but you are still merging.
#
# Changes to be committed:
#	modified:   index.html
#
```

如果你觉得上述的信息不够充分，不能完全体现分支合并的过程，你可以修改上述信息，添加一些细节给未来检视这个合并的读者一些帮助，告诉他们你是如何解决合并冲突的，以及理由是什么。

# 3.3 Git 分支 - 分支管理

## 分支管理

现在已经创建、合并、删除了一些分支，让我们看看一些常用的分支管理工具。

`git branch` 命令不只是可以创建与删除分支。 如果不加任何参数运行它，会得到当前所有分支的一个列表：

```console
$ git branch
  iss53
* master
  testing
```

注意 `master` 分支前的 `*` 字符：它代表现在检出的那一个分支（也就是说，当前 `HEAD` 指针所指向的分支）。 这意味着如果在这时候提交，`master` 分支将会随着新的工作向前移动。 如果需要查看每一个分支的最后一次提交，可以运行 `git branch -v` 命令：

```console
$ git branch -v
  iss53   93b412c fix javascript issue
* master  7a98805 Merge branch 'iss53'
  testing 782fd34 add scott to the author list in the readmes
```

`--merged` 与 `--no-merged` 这两个有用的选项可以过滤这个列表中已经合并或尚未合并到当前分支的分支。 如果要查看哪些分支已经合并到当前分支，可以运行 `git branch --merged`：

```console
$ git branch --merged
  iss53
* master
```

因为之前已经合并了 `iss53` 分支，所以现在看到它在列表中。 在这个列表中分支名字前没有 `*` 号的分支通常可以使用 `git branch -d` 删除掉；你已经将它们的工作整合到了另一个分支，所以并不会失去任何东西。

查看所有包含未合并工作的分支，可以运行 `git branch --no-merged`：

```console
$ git branch --no-merged
  testing
```

这里显示了其他分支。 因为它包含了还未合并的工作，尝试使用 `git branch -d` 命令删除它时会失败：

```console
$ git branch -d testing
error: The branch 'testing' is not fully merged.
If you are sure you want to delete it, run 'git branch -D testing'.
```

如果真的想要删除分支并丢掉那些工作，如同帮助信息里所指出的，可以使用 `-D` 选项强制删除它。

*[prev](https://git-scm.com/book/zh/v2/Git-分支-分支的新建与合并) | [next](https://git-scm.com/book/zh/v2/Git-分支-分支开发工作流)*

# 3.4 Git 分支 - 分支开发工作流

## 分支开发工作流

现在你已经学会新建和合并分支，那么你可以或者应该用它来做些什么呢？ 在本节，我们会介绍一些常见的利用分支进行开发的工作流程。而正是由于分支管理的便捷，才衍生出这些典型的工作模式，你可以根据项目实际情况选择一种用用看。

### 长期分支

因为 Git 使用简单的三方合并，所以就算在一段较长的时间内，反复把一个分支合并入另一个分支，也不是什么难事。 也就是说，在整个项目开发周期的不同阶段，你可以同时拥有多个开放的分支；你可以定期地把某些特性分支合并入其他分支中。

许多使用 Git 的开发者都喜欢使用这种方式来工作，比如只在 `master` 分支上保留完全稳定的代码——有可能仅仅是已经发布或即将发布的代码。 他们还有一些名为 `develop` 或者 `next` 的平行分支，被用来做后续开发或者测试稳定性——这些分支不必保持绝对稳定，但是一旦达到稳定状态，它们就可以被合并入 `master` 分支了。 这样，在确保这些已完成的特性分支（短期分支，比如之前的 `iss53` 分支）能够通过所有测试，并且不会引入更多 bug 之后，就可以合并入主干分支中，等待下一次的发布。

事实上我们刚才讨论的，是随着你的提交而不断右移的指针。 稳定分支的指针总是在提交历史中落后一大截，而前沿分支的指针往往比较靠前。

![渐进稳定分支的线性图。](https://git-scm.com/book/en/v2/images/lr-branches-1.png)

Figure 26. 渐进稳定分支的线性图

通常把他们想象成流水线（work silos）可能更好理解一点，那些经过测试考验的提交会被遴选到更加稳定的流水线上去。

![渐进稳定分支的工作流（“silo”）视图。](https://git-scm.com/book/en/v2/images/lr-branches-2.png)

Figure 27. 渐进稳定分支的流水线（“silo”）视图

你可以用这种方法维护不同层次的稳定性。 一些大型项目还有一个 `proposed`（建议） 或 `pu: proposed updates`（建议更新）分支，它可能因包含一些不成熟的内容而不能进入 `next` 或者 `master` 分支。 这么做的目的是使你的分支具有不同级别的稳定性；当它们具有一定程度的稳定性后，再把它们合并入具有更高级别稳定性的分支中。 再次强调一下，使用多个长期分支的方法并非必要，但是这么做通常很有帮助，尤其是当你在一个非常庞大或者复杂的项目中工作时。

### 特性分支

特性分支对任何规模的项目都适用。 特性分支是一种短期分支，它被用来实现单一特性或其相关工作。 也许你从来没有在其他的版本控制系统（`VCS`）上这么做过，因为在那些版本控制系统中创建和合并分支通常很费劲。 然而，在 Git 中一天之内多次创建、使用、合并、删除分支都很常见。

你已经在上一节中你创建的 `iss53` 和 `hotfix` 特性分支中看到过这种用法。 你在上一节用到的特性分支（`iss53` 和 `hotfix` 分支）中提交了一些更新，并且在它们合并入主干分支之后，你又删除了它们。 这项技术能使你快速并且完整地进行上下文切换（context-switch）——因为你的工作被分散到不同的流水线中，在不同的流水线中每个分支都仅与其目标特性相关，因此，在做代码审查之类的工作的时候就能更加容易地看出你做了哪些改动。 你可以把做出的改动在特性分支中保留几分钟、几天甚至几个月，等它们成熟之后再合并，而不用在乎它们建立的顺序或工作进度。

考虑这样一个例子，你在 `master` 分支上工作到 `C1`，这时为了解决一个问题而新建 `iss91` 分支，在 `iss91`分支上工作到 `C4`，然而对于那个问题你又有了新的想法，于是你再新建一个 `iss91v2` 分支试图用另一种方法解决那个问题，接着你回到 `master` 分支工作了一会儿，你又冒出了一个不太确定的想法，你便在 `C10`的时候新建一个 `dumbidea` 分支，并在上面做些实验。 你的提交历史看起来像下面这个样子：

![拥有多个特性分支的提交历史。](https://git-scm.com/book/en/v2/images/topic-branches-1.png)

Figure 28. 拥有多个特性分支的提交历史

现在，我们假设两件事情：你决定使用第二个方案来解决那个问题，即使用在 `iss91v2` 分支中方案；另外，你将 `dumbidea` 分支拿给你的同事看过之后，结果发现这是个惊人之举。 这时你可以抛弃 `iss91` 分支（即丢弃 `C5` 和 `C6` 提交），然后把另外两个分支合并入主干分支。 最终你的提交历史看起来像下面这个样子：

![合并了 `dumbidea` 和 `iss91v2` 分支之后的提交历史。](https://git-scm.com/book/en/v2/images/topic-branches-2.png)

Figure 29. 合并了 `dumbidea` 和 `iss91v2` 分支之后的提交历史

我们将会在 [分布式 Git](https://git-scm.com/book/zh/v2/ch00/ch05-distributed-git) 中向你揭示更多有关分支工作流的细节，因此，请确保你阅读完那个章节之后，再来决定你的下个项目要使用什么样的分支策略（branching scheme）。

请牢记，当你做这么多操作的时候，这些分支全部都存于本地。 当你新建和合并分支的时候，所有这一切都只发生在你本地的 Git 版本库中 —— 没有与服务器发生交互。

[prev](https://git-scm.com/book/zh/v2/Git-分支-分支管理) | [next](https://git-scm.com/book/zh/v2/Git-分支-远程分支)

# 3.5 Git 分支 - 远程分支

## 远程分支

远程引用是对远程仓库的引用（指针），包括分支、标签等等。 你可以通过 `git ls-remote (remote)` 来显式地获得远程引用的完整列表，或者通过 `git remote show (remote)` 获得远程分支的更多信息。 然而，一个更常见的做法是利用远程跟踪分支。

远程跟踪分支是远程分支状态的引用。 它们是你不能移动的本地引用，当你做任何网络通信操作时，它们会自动移动。 远程跟踪分支像是你上次连接到远程仓库时，那些分支所处状态的书签。

它们以 `(remote)/(branch)` 形式命名。 例如，如果你想要看你最后一次与远程仓库 `origin` 通信时 `master`分支的状态，你可以查看 `origin/master` 分支。 你与同事合作解决一个问题并且他们推送了一个 `iss53` 分支，你可能有自己的本地 `iss53` 分支；但是在服务器上的分支会指向 `origin/iss53` 的提交。

这可能有一点儿难以理解，让我们来看一个例子。 假设你的网络里有一个在 `git.ourcompany.com` 的 Git 服务器。 如果你从这里克隆，Git 的 `clone` 命令会为你自动将其命名为 `origin`，拉取它的所有数据，创建一个指向它的 `master` 分支的指针，并且在本地将其命名为 `origin/master`。 Git 也会给你一个与 origin 的 `master` 分支在指向同一个地方的本地 `master` 分支，这样你就有工作的基础。

| Note | “origin” 并无特殊含义远程仓库名字 “origin” 与分支名字 “master” 一样，在 Git 中并没有任何特别的含义一样。 同时 “master” 是当你运行 `git init` 时默认的起始分支名字，原因仅仅是它的广泛使用，“origin” 是当你运行 `git clone` 时默认的远程仓库名字。 如果你运行 `git clone -o booyah`，那么你默认的远程分支名字将会是 `booyah/master`。 |
| ---- | ------------------------------------------------------------ |
|      |                                                              |

![克隆之后的服务器与本地仓库。](https://git-scm.com/book/en/v2/images/remote-branches-1.png)

Figure 30. 克隆之后的服务器与本地仓库

如果你在本地的 `master` 分支做了一些工作，与此同时，其他人推送提交到 `git.ourcompany.com` 并更新了它的 `master` 分支，那么你的提交历史将向不同的方向前进。 另外，只要你不与 origin 服务器连接，你的 `origin/master` 指针就不会移动。

![本地与远程的工作可以分叉。](https://git-scm.com/book/en/v2/images/remote-branches-2.png)

Figure 31. 本地与远程的工作可以分叉

如果要同步你的工作，运行 `git fetch origin` 命令。 这个命令查找 “origin” 是哪一个服务器（在本例中，它是 `git.ourcompany.com`），从中抓取本地没有的数据，并且更新本地数据库，移动 `origin/master`指针指向新的、更新后的位置。

![`git fetch` 更新你的远程仓库引用。](https://git-scm.com/book/en/v2/images/remote-branches-3.png)

Figure 32. `git fetch` 更新你的远程仓库引用

为了演示有多个远程仓库与远程分支的情况，我们假定你有另一个内部 Git 服务器，仅用于你的 sprint 小组的开发工作。 这个服务器位于 `git.team1.ourcompany.com`。 你可以运行 `git remote add` 命令添加一个新的远程仓库引用到当前的项目，这个命令我们会在 [Git 基础](https://git-scm.com/book/zh/v2/ch00/ch02-git-basics) 中详细说明。 将这个远程仓库命名为 `teamone`，将其作为整个 URL 的缩写。

![添加另一个远程仓库。](https://git-scm.com/book/en/v2/images/remote-branches-4.png)

Figure 33. 添加另一个远程仓库

现在，可以运行 `git fetch teamone` 来抓取远程仓库 `teamone` 有而本地没有的数据。 因为那台服务器上现有的数据是 `origin` 服务器上的一个子集，所以 Git 并不会抓取数据而是会设置远程跟踪分支 `teamone/master` 指向 `teamone` 的 `master` 分支。

![远程跟踪分支 `teamone/master`。](https://git-scm.com/book/en/v2/images/remote-branches-5.png)

Figure 34. 远程跟踪分支 `teamone/master`

### 推送

当你想要公开分享一个分支时，需要将其推送到有写入权限的远程仓库上。 本地的分支并不会自动与远程仓库同步——你必须显式地推送想要分享的分支。 这样，你就可以把不愿意分享的内容放到私人分支上，而将需要和别人协作的内容推送到公开分支。

如果希望和别人一起在名为 `serverfix` 的分支上工作，你可以像推送第一个分支那样推送它。 运行 `git push (remote) (branch)`:

```console
$ git push origin serverfix
Counting objects: 24, done.
Delta compression using up to 8 threads.
Compressing objects: 100% (15/15), done.
Writing objects: 100% (24/24), 1.91 KiB | 0 bytes/s, done.
Total 24 (delta 2), reused 0 (delta 0)
To https://github.com/schacon/simplegit
 * [new branch]      serverfix -> serverfix
```

这里有些工作被简化了。 Git 自动将 `serverfix` 分支名字展开为 `refs/heads/serverfix:refs/heads/serverfix`，那意味着，“推送本地的 serverfix 分支来更新远程仓库上的 serverfix 分支。” 我们将会详细学习 [Git 内部原理](https://git-scm.com/book/zh/v2/ch00/ch10-git-internals) 的 `refs/heads/` 部分，但是现在可以先把它放在儿。 你也可以运行 `git push origin serverfix:serverfix`，它会做同样的事——也就是说“推送本地的 serverfix 分支，将其作为远程仓库的 serverfix 分支” 可以通过这种格式来推送本地分支到一个命名不相同的远程分支。 如果并不想让远程仓库上的分支叫做 `serverfix`，可以运行 `git push origin serverfix:awesomebranch` 来将本地的 `serverfix` 分支推送到远程仓库上的 `awesomebranch` 分支。

| Note | 如何避免每次输入密码如果你正在使用 HTTPS URL 来推送，Git 服务器会询问用户名与密码。 默认情况下它会在终端中提示服务器是否允许你进行推送。如果不想在每一次推送时都输入用户名与密码，你可以设置一个 “credential cache”。 最简单的方式就是将其保存在内存中几分钟，可以简单地运行 `git config --global credential.helper cache` 来设置它。想要了解更多关于不同验证缓存的可用选项，查看 [凭证存储](https://git-scm.com/book/zh/v2/ch00/r_credential_caching)。 |
| ---- | ------------------------------------------------------------ |
|      |                                                              |

下一次其他协作者从服务器上抓取数据时，他们会在本地生成一个远程分支 `origin/serverfix`，指向服务器的 `serverfix` 分支的引用：

```console
$ git fetch origin
remote: Counting objects: 7, done.
remote: Compressing objects: 100% (2/2), done.
remote: Total 3 (delta 0), reused 3 (delta 0)
Unpacking objects: 100% (3/3), done.
From https://github.com/schacon/simplegit
 * [new branch]      serverfix    -> origin/serverfix
```

要特别注意的一点是当抓取到新的远程跟踪分支时，本地不会自动生成一份可编辑的副本（拷贝）。 换一句话说，这种情况下，不会有一个新的 `serverfix` 分支——只有一个不可以修改的 `origin/serverfix` 指针。

可以运行 `git merge origin/serverfix` 将这些工作合并到当前所在的分支。 如果想要在自己的 `serverfix` 分支上工作，可以将其建立在远程跟踪分支之上：

```console
$ git checkout -b serverfix origin/serverfix
Branch serverfix set up to track remote branch serverfix from origin.
Switched to a new branch 'serverfix'
```

这会给你一个用于工作的本地分支，并且起点位于 `origin/serverfix`。

### 跟踪分支

从一个远程跟踪分支检出一个本地分支会自动创建所谓的“跟踪分支”（它跟踪的分支叫做“上游分支”）。 跟踪分支是与远程分支有直接关系的本地分支。 如果在一个跟踪分支上输入 `git pull`，Git 能自动地识别去哪个服务器上抓取、合并到哪个分支。

当克隆一个仓库时，它通常会自动地创建一个跟踪 `origin/master` 的 `master` 分支。 然而，如果你愿意的话可以设置其他的跟踪分支，或是一个在其他远程仓库上的跟踪分支，又或者不跟踪 `master` 分支。 最简单的实例就是像之前看到的那样，运行 `git checkout -b [branch] [remotename]/[branch]`。 这是一个十分常用的操作所以 Git 提供了 `--track` 快捷方式：

```console
$ git checkout --track origin/serverfix
Branch serverfix set up to track remote branch serverfix from origin.
Switched to a new branch 'serverfix'
```

如果想要将本地分支与远程分支设置为不同名字，你可以轻松地使用上一个命令增加一个不同名字的本地分支：

```console
$ git checkout -b sf origin/serverfix
Branch sf set up to track remote branch serverfix from origin.
Switched to a new branch 'sf'
```

现在，本地分支 `sf` 会自动从 `origin/serverfix` 拉取。

设置已有的本地分支跟踪一个刚刚拉取下来的远程分支，或者想要修改正在跟踪的上游分支，你可以在任意时间使用 `-u` 或 `--set-upstream-to` 选项运行 `git branch` 来显式地设置。

```console
$ git branch -u origin/serverfix
Branch serverfix set up to track remote branch serverfix from origin.
```

| Note | 上游快捷方式当设置好跟踪分支后，可以通过 `@{upstream}` 或 `@{u}` 快捷方式来引用它。 所以在 `master` 分支时并且它正在跟踪 `origin/master` 时，如果愿意的话可以使用 `git merge @{u}` 来取代 `git merge origin/master`。 |
| ---- | ------------------------------------------------------------ |
|      |                                                              |

如果想要查看设置的所有跟踪分支，可以使用 `git branch` 的 `-vv` 选项。 这会将所有的本地分支列出来并且包含更多的信息，如每一个分支正在跟踪哪个远程分支与本地分支是否是领先、落后或是都有。

```console
$ git branch -vv
  iss53     7e424c3 [origin/iss53: ahead 2] forgot the brackets
  master    1ae2a45 [origin/master] deploying index fix
* serverfix f8674d9 [teamone/server-fix-good: ahead 3, behind 1] this should do it
  testing   5ea463a trying something new
```

这里可以看到 `iss53` 分支正在跟踪 `origin/iss53` 并且 “ahead” 是 2，意味着本地有两个提交还没有推送到服务器上。 也能看到 `master` 分支正在跟踪 `origin/master` 分支并且是最新的。 接下来可以看到 `serverfix` 分支正在跟踪 `teamone` 服务器上的 `server-fix-good` 分支并且领先 3 落后 1，意味着服务器上有一次提交还没有合并入同时本地有三次提交还没有推送。 最后看到 `testing` 分支并没有跟踪任何远程分支。

需要重点注意的一点是这些数字的值来自于你从每个服务器上最后一次抓取的数据。 这个命令并没有连接服务器，它只会告诉你关于本地缓存的服务器数据。 如果想要统计最新的领先与落后数字，需要在运行此命令前抓取所有的远程仓库。 可以像这样做：`$ git fetch --all; git branch -vv`

### 拉取

当 `git fetch` 命令从服务器上抓取本地没有的数据时，它并不会修改工作目录中的内容。 它只会获取数据然后让你自己合并。 然而，有一个命令叫作 `git pull` 在大多数情况下它的含义是一个 `git fetch` 紧接着一个 `git merge` 命令。 如果有一个像之前章节中演示的设置好的跟踪分支，不管它是显式地设置还是通过 `clone` 或 `checkout` 命令为你创建的，`git pull` 都会查找当前分支所跟踪的服务器与分支，从服务器上抓取数据然后尝试合并入那个远程分支。

由于 `git pull` 的魔法经常令人困惑所以通常单独显式地使用 `fetch` 与 `merge` 命令会更好一些。

### 删除远程分支

假设你已经通过远程分支做完所有的工作了——也就是说你和你的协作者已经完成了一个特性并且将其合并到了远程仓库的 `master` 分支（或任何其他稳定代码分支）。 可以运行带有 `--delete` 选项的 `git push`命令来删除一个远程分支。 如果想要从服务器上删除 `serverfix` 分支，运行下面的命令：

```console
$ git push origin --delete serverfix
To https://github.com/schacon/simplegit
 - [deleted]         serverfix
```

基本上这个命令做的只是从服务器上移除这个指针。 Git 服务器通常会保留数据一段时间直到垃圾回收运行，所以如果不小心删除掉了，通常是很容易恢复的。

[prev](https://git-scm.com/book/zh/v2/Git-分支-分支开发工作流) | [next](https://git-scm.com/book/zh/v2/Git-分支-变基)